2025-07-07 15:54:52,140 - root - INFO - Detected special event abandonment: birthday
2025-07-07 15:54:52,142 - root - INFO - Detected special event abandonment: birthday
2025-07-07 15:54:52,143 - root - INFO - Extracted from message - Emotion: anxious, Concern: abandonment_event, Status: exclusive
2025-07-07 15:54:52,143 - root - INFO - Detected special event abandonment: birthday
2025-07-07 15:54:52,143 - root - INFO - Extracted from message - Emotion: anxious, Concern: abandonment_event, Status: exclusive
2025-07-07 15:54:52,144 - root - INFO - Detected special event abandonment: birthday
2025-07-07 15:54:52,144 - root - INFO - Extracted from message - Emotion: anxious, Concern: abandonment_event, Status: exclusive
2025-07-07 15:54:52,145 - root - INFO - Detected special event abandonment: birthday
2025-07-07 15:54:52,145 - root - INFO - Extracted from message - Emotion: anxious, Concern: abandonment_event, Status: exclusive
2025-07-07 15:54:52,146 - __main__ - INFO - Test completed. Results written to response_test_results.txt
